AR counter behavioral C:/Xilinx/sonar/Sonar/Counter.vhd sub00/vhpl01 1459388263
EN lcd_controller NULL C:/Xilinx/sonar/Sonar/lcd_controller.vhd sub00/vhpl11 1459388270
EN trigger_generator NULL C:/Xilinx/sonar/Sonar/Trigger_generator.vhd sub00/vhpl04 1459388264
EN bcd_converter NULL C:/Xilinx/sonar/Sonar/BCD_converter.vhd sub00/vhpl06 1459388268
EN range_sensor NULL C:/Xilinx/sonar/Sonar/Range_Sensor.vhd sub00/vhpl08 1459388272
AR lcd_controller controller C:/Xilinx/sonar/Sonar/lcd_controller.vhd sub00/vhpl12 1459388271
EN distance_calculation NULL C:/Xilinx/sonar/Sonar/Distance_calculation.vhd sub00/vhpl02 1459388266
EN counter NULL C:/Xilinx/sonar/Sonar/Counter.vhd sub00/vhpl00 1459388262
AR range_sensor behavioral C:/Xilinx/sonar/Sonar/Range_Sensor.vhd sub00/vhpl09 1459388273
AR bcd_converter behavioral C:/Xilinx/sonar/Sonar/BCD_converter.vhd sub00/vhpl07 1459388269
EN topdesign NULL C:/Xilinx/sonar/Sonar/TopDesign.vhd sub00/vhpl10 1459388274
AR distance_calculation behavioral C:/Xilinx/sonar/Sonar/Distance_calculation.vhd sub00/vhpl03 1459388267
AR trigger_generator behavioral C:/Xilinx/sonar/Sonar/Trigger_generator.vhd sub00/vhpl05 1459388265
