AR counter behavioral /home/waqas/CS331-FinalExamProject-VHDL/Sonar/Counter.vhd sub00/vhpl01 1460252245
EN lcd_controller NULL /home/waqas/CS331-FinalExamProject-VHDL/Sonar/lcd_controller.vhd sub00/vhpl11 1459780666
EN trigger_generator NULL /home/waqas/CS331-FinalExamProject-VHDL/Sonar/Trigger_generator.vhd sub00/vhpl04 1460252246
EN bcd_converter NULL /home/waqas/CS331-FinalExamProject-VHDL/Sonar/BCD_converter.vhd sub00/vhpl06 1460252250
EN range_sensor NULL /home/waqas/CS331-FinalExamProject-VHDL/Sonar/Range_Sensor.vhd sub00/vhpl08 1460252252
AR lcd_controller controller /home/waqas/CS331-FinalExamProject-VHDL/Sonar/lcd_controller.vhd sub00/vhpl12 1459780667
EN distance_calculation NULL /home/waqas/CS331-FinalExamProject-VHDL/Sonar/Distance_calculation.vhd sub00/vhpl02 1460252248
AR topdesign behavioral /home/waqas/CS331-FinalExamProject-VHDL/Sonar/TopDesign.vhd sub00/vhpl13 1460252255
EN counter NULL /home/waqas/CS331-FinalExamProject-VHDL/Sonar/Counter.vhd sub00/vhpl00 1460252244
AR range_sensor behavioral /home/waqas/CS331-FinalExamProject-VHDL/Sonar/Range_Sensor.vhd sub00/vhpl09 1460252253
AR bcd_converter behavioral /home/waqas/CS331-FinalExamProject-VHDL/Sonar/BCD_converter.vhd sub00/vhpl07 1460252251
EN topdesign NULL /home/waqas/CS331-FinalExamProject-VHDL/Sonar/TopDesign.vhd sub00/vhpl10 1460252254
AR distance_calculation behavioral /home/waqas/CS331-FinalExamProject-VHDL/Sonar/Distance_calculation.vhd sub00/vhpl03 1460252249
AR trigger_generator behavioral /home/waqas/CS331-FinalExamProject-VHDL/Sonar/Trigger_generator.vhd sub00/vhpl05 1460252247
